/home/bxs/Downloads/Dynomite/Core/Src/main.c:1101:13:SPI5_Write	1
/home/bxs/Downloads/Dynomite/Core/Src/main.c:1213:6:StartDefaultTask	1
/home/bxs/Downloads/Dynomite/Core/Src/main.c:1231:6:StartControllerTask	1
/home/bxs/Downloads/Dynomite/Core/Src/main.c:134:6:DF_SendCommand	1
/home/bxs/Downloads/Dynomite/Core/Src/main.c:154:6:DF_Init	1
/home/bxs/Downloads/Dynomite/Core/Src/main.c:163:6:DF_PlayFile	1
/home/bxs/Downloads/Dynomite/Core/Src/main.c:168:6:DF_Next	1
/home/bxs/Downloads/Dynomite/Core/Src/main.c:173:6:DF_Previous	1
/home/bxs/Downloads/Dynomite/Core/Src/main.c:178:6:DF_SetVolume	1
/home/bxs/Downloads/Dynomite/Core/Src/main.c:325:6:SystemClock_Config	1
/home/bxs/Downloads/Dynomite/Core/Src/main.c:224:5:main	2
/home/bxs/Downloads/Dynomite/Core/Src/main.c:945:6:IOE_Init	1
/home/bxs/Downloads/Dynomite/Core/Src/main.c:954:6:IOE_ITConfig	1
/home/bxs/Downloads/Dynomite/Core/Src/main.c:966:6:IOE_Write	1
/home/bxs/Downloads/Dynomite/Core/Src/main.c:977:9:IOE_Read	1
/home/bxs/Downloads/Dynomite/Core/Src/main.c:990:10:IOE_ReadMultiple	1
/home/bxs/Downloads/Dynomite/Core/Src/main.c:999:6:IOE_Delay	1
/home/bxs/Downloads/Dynomite/Core/Src/main.c:1127:6:LCD_IO_Init	1
/home/bxs/Downloads/Dynomite/Core/Src/main.c:1137:6:LCD_IO_WriteData	1
/home/bxs/Downloads/Dynomite/Core/Src/main.c:1153:6:LCD_IO_WriteReg	1
/home/bxs/Downloads/Dynomite/Core/Src/main.c:1172:10:LCD_IO_ReadData	1
/home/bxs/Downloads/Dynomite/Core/Src/main.c:1199:6:LCD_Delay	1
/home/bxs/Downloads/Dynomite/Core/Src/main.c:1263:6:HAL_TIM_PeriodElapsedCallback	2
/home/bxs/Downloads/Dynomite/Core/Src/main.c:1281:6:Error_Handler	1
