/home/bxs/Downloads/Dynomite/Core/Src/main.c:1101:13:SPI5_Write	16	static
/home/bxs/Downloads/Dynomite/Core/Src/main.c:1213:6:StartDefaultTask	8	static
/home/bxs/Downloads/Dynomite/Core/Src/main.c:1231:6:StartControllerTask	32	static
/home/bxs/Downloads/Dynomite/Core/Src/main.c:134:6:DF_SendCommand	24	static
/home/bxs/Downloads/Dynomite/Core/Src/main.c:154:6:DF_Init	8	static
/home/bxs/Downloads/Dynomite/Core/Src/main.c:163:6:DF_PlayFile	0	static
/home/bxs/Downloads/Dynomite/Core/Src/main.c:168:6:DF_Next	0	static
/home/bxs/Downloads/Dynomite/Core/Src/main.c:173:6:DF_Previous	0	static
/home/bxs/Downloads/Dynomite/Core/Src/main.c:178:6:DF_SetVolume	0	static
/home/bxs/Downloads/Dynomite/Core/Src/main.c:325:6:SystemClock_Config	96	static
/home/bxs/Downloads/Dynomite/Core/Src/main.c:224:5:main	120	static
/home/bxs/Downloads/Dynomite/Core/Src/main.c:945:6:IOE_Init	0	static
/home/bxs/Downloads/Dynomite/Core/Src/main.c:954:6:IOE_ITConfig	0	static
/home/bxs/Downloads/Dynomite/Core/Src/main.c:966:6:IOE_Write	32	static
/home/bxs/Downloads/Dynomite/Core/Src/main.c:977:9:IOE_Read	32	static
/home/bxs/Downloads/Dynomite/Core/Src/main.c:990:10:IOE_ReadMultiple	24	static
/home/bxs/Downloads/Dynomite/Core/Src/main.c:999:6:IOE_Delay	0	static
/home/bxs/Downloads/Dynomite/Core/Src/main.c:1127:6:LCD_IO_Init	8	static
/home/bxs/Downloads/Dynomite/Core/Src/main.c:1137:6:LCD_IO_WriteData	16	static
/home/bxs/Downloads/Dynomite/Core/Src/main.c:1153:6:LCD_IO_WriteReg	16	static
/home/bxs/Downloads/Dynomite/Core/Src/main.c:1172:10:LCD_IO_ReadData	32	static
/home/bxs/Downloads/Dynomite/Core/Src/main.c:1199:6:LCD_Delay	0	static
/home/bxs/Downloads/Dynomite/Core/Src/main.c:1263:6:HAL_TIM_PeriodElapsedCallback	0	static
/home/bxs/Downloads/Dynomite/Core/Src/main.c:1281:6:Error_Handler	0	static
