/home/bxs/Downloads/Dynomite/Core/Src/main.c:1012:13:SPI5_Write	1
/home/bxs/Downloads/Dynomite/Core/Src/main.c:1124:6:StartDefaultTask	1
/home/bxs/Downloads/Dynomite/Core/Src/main.c:1142:6:StartControllerTask	1
/home/bxs/Downloads/Dynomite/Core/Src/main.c:269:6:SystemClock_Config	1
/home/bxs/Downloads/Dynomite/Core/Src/main.c:171:5:main	2
/home/bxs/Downloads/Dynomite/Core/Src/main.c:856:6:IOE_Init	1
/home/bxs/Downloads/Dynomite/Core/Src/main.c:865:6:IOE_ITConfig	1
/home/bxs/Downloads/Dynomite/Core/Src/main.c:877:6:IOE_Write	1
/home/bxs/Downloads/Dynomite/Core/Src/main.c:888:9:IOE_Read	1
/home/bxs/Downloads/Dynomite/Core/Src/main.c:901:10:IOE_ReadMultiple	1
/home/bxs/Downloads/Dynomite/Core/Src/main.c:910:6:IOE_Delay	1
/home/bxs/Downloads/Dynomite/Core/Src/main.c:1038:6:LCD_IO_Init	1
/home/bxs/Downloads/Dynomite/Core/Src/main.c:1048:6:LCD_IO_WriteData	1
/home/bxs/Downloads/Dynomite/Core/Src/main.c:1064:6:LCD_IO_WriteReg	1
/home/bxs/Downloads/Dynomite/Core/Src/main.c:1083:10:LCD_IO_ReadData	1
/home/bxs/Downloads/Dynomite/Core/Src/main.c:1110:6:LCD_Delay	1
/home/bxs/Downloads/Dynomite/Core/Src/main.c:1174:6:HAL_TIM_PeriodElapsedCallback	2
/home/bxs/Downloads/Dynomite/Core/Src/main.c:1192:6:Error_Handler	1
