/home/bxs/Dynomite/Core/Src/main.c:988:13:SPI5_Write	16	static
/home/bxs/Dynomite/Core/Src/main.c:1100:6:StartDefaultTask	8	static
/home/bxs/Dynomite/Core/Src/main.c:1118:6:StartHardwarePollingTask	8	static
/home/bxs/Dynomite/Core/Src/main.c:270:6:SystemClock_Config	96	static
/home/bxs/Dynomite/Core/Src/main.c:172:5:main	120	static
/home/bxs/Dynomite/Core/Src/main.c:832:6:IOE_Init	0	static
/home/bxs/Dynomite/Core/Src/main.c:841:6:IOE_ITConfig	0	static
/home/bxs/Dynomite/Core/Src/main.c:853:6:IOE_Write	32	static
/home/bxs/Dynomite/Core/Src/main.c:864:9:IOE_Read	32	static
/home/bxs/Dynomite/Core/Src/main.c:877:10:IOE_ReadMultiple	24	static
/home/bxs/Dynomite/Core/Src/main.c:886:6:IOE_Delay	0	static
/home/bxs/Dynomite/Core/Src/main.c:1014:6:LCD_IO_Init	8	static
/home/bxs/Dynomite/Core/Src/main.c:1024:6:LCD_IO_WriteData	16	static
/home/bxs/Dynomite/Core/Src/main.c:1040:6:LCD_IO_WriteReg	16	static
/home/bxs/Dynomite/Core/Src/main.c:1059:10:LCD_IO_ReadData	32	static
/home/bxs/Dynomite/Core/Src/main.c:1086:6:LCD_Delay	0	static
/home/bxs/Dynomite/Core/Src/main.c:1149:6:HAL_TIM_PeriodElapsedCallback	0	static
/home/bxs/Dynomite/Core/Src/main.c:1167:6:Error_Handler	0	static
