../../Middlewares/ST/touchgfx/framework/include/touchgfx/Drawable.hpp:147:23:virtual touchgfx::Drawable* touchgfx::Drawable::getFirstChild()	0	static
../../Middlewares/ST/touchgfx/framework/include/touchgfx/Drawable.hpp:315:18:virtual void touchgfx::Drawable::setX(int16_t)	0	static
../../Middlewares/ST/touchgfx/framework/include/touchgfx/Drawable.hpp:327:18:virtual void touchgfx::Drawable::setY(int16_t)	0	static
../../Middlewares/ST/touchgfx/framework/include/touchgfx/Drawable.hpp:356:18:virtual void touchgfx::Drawable::setWidth(int16_t)	0	static
../../Middlewares/ST/touchgfx/framework/include/touchgfx/Drawable.hpp:368:18:virtual void touchgfx::Drawable::setHeight(int16_t)	0	static
../../Middlewares/ST/touchgfx/framework/include/touchgfx/Drawable.hpp:378:18:virtual void touchgfx::Drawable::childGeometryChanged()	0	static
../../Middlewares/ST/touchgfx/framework/include/touchgfx/Drawable.hpp:389:18:virtual void touchgfx::Drawable::handleClickEvent(const touchgfx::ClickEvent&)	0	static
../../Middlewares/ST/touchgfx/framework/include/touchgfx/Drawable.hpp:401:18:virtual void touchgfx::Drawable::handleGestureEvent(const touchgfx::GestureEvent&)	0	static
../../Middlewares/ST/touchgfx/framework/include/touchgfx/Drawable.hpp:490:18:virtual void touchgfx::Drawable::handleDragEvent(const touchgfx::DragEvent&)	0	static
../../Middlewares/ST/touchgfx/framework/include/touchgfx/Drawable.hpp:501:18:virtual void touchgfx::Drawable::handleTickEvent()	0	static
../../Middlewares/ST/touchgfx/framework/include/touchgfx/Drawable.hpp:588:18:virtual void touchgfx::Drawable::moveTo(int16_t, int16_t)	4	static
../../Middlewares/ST/touchgfx/framework/include/touchgfx/Drawable.hpp:703:18:virtual void touchgfx::Drawable::setupDrawChain(const touchgfx::Rect&, touchgfx::Drawable**)	0	static
../../Middlewares/ST/touchgfx/framework/include/touchgfx/Screen.hpp:104:18:virtual void touchgfx::Screen::afterTransition()	0	static
../../Middlewares/ST/touchgfx/framework/include/touchgfx/Screen.hpp:154:18:virtual void touchgfx::Screen::handleKeyEvent(uint8_t)	0	static
C:/Users/theta/Dynomite/TouchGFX/gui/src/screen1_screen/Screen1View.cpp:35:6:virtual void Screen1View::tearDownScreen()	0	static
../../TouchGFX/gui/include/gui/screen1_screen/Screen1View.hpp:47:13:Screen1View::~Screen1View()	16	static
../../TouchGFX/gui/include/gui/screen1_screen/Screen1View.hpp:47:13:virtual Screen1View::~Screen1View()	8	static
../../Middlewares/ST/touchgfx/framework/include/touchgfx/Drawable.hpp:121:18:virtual void touchgfx::Drawable::invalidateContent() const	0	static
../../Middlewares/ST/touchgfx/framework/include/touchgfx/widgets/Widget.hpp:45:18:virtual void touchgfx::Widget::getLastChild(int16_t, int16_t, touchgfx::Drawable**)	0	static
../../Middlewares/ST/touchgfx/framework/include/touchgfx/Drawable.hpp:343:10:void touchgfx::Drawable::setXY(int16_t, int16_t)	16	static
../../Middlewares/ST/touchgfx/framework/include/touchgfx/widgets/Image.hpp:50:5:touchgfx::Image::Image(const touchgfx::Bitmap&)	8	static
C:/Users/theta/Dynomite/TouchGFX/gui/src/screen1_screen/Screen1View.cpp:15:1:Screen1View::Screen1View()	40	static
C:/Users/theta/Dynomite/TouchGFX/gui/src/screen1_screen/Screen1View.cpp:120:6:void Screen1View::renderEggBatch()	40	static
C:/Users/theta/Dynomite/TouchGFX/gui/src/screen1_screen/Screen1View.cpp:133:6:void Screen1View::updateEggBatch()	0	static
C:/Users/theta/Dynomite/TouchGFX/gui/src/screen1_screen/Screen1View.cpp:147:6:void Screen1View::updateShootingEgg()	48	static
C:/Users/theta/Dynomite/TouchGFX/gui/src/screen1_screen/Screen1View.cpp:179:6:void Screen1View::renderShootingEgg()	24	static
C:/Users/theta/Dynomite/TouchGFX/gui/src/screen1_screen/Screen1View.cpp:194:6:void Screen1View::renderNextShootingEgg()	0	static
C:/Users/theta/Dynomite/TouchGFX/gui/src/screen1_screen/Screen1View.cpp:280:7:float Screen1View::sign(Vec2, Vec2, Vec2)	24	static
C:/Users/theta/Dynomite/TouchGFX/gui/src/screen1_screen/Screen1View.cpp:284:6:bool Screen1View::checkCollisionArea(Vec2, Vec2, Vec2, Vec2)	32	static
C:/Users/theta/Dynomite/TouchGFX/gui/src/screen1_screen/Screen1View.cpp:198:7:Index Screen1View::detectCollisionBetweenShootingEggAndEggBatch()	104	static
C:/Users/theta/Dynomite/TouchGFX/gui/src/screen1_screen/Screen1View.cpp:369:6:void Screen1View::updateShootingEggAfterCollision()	16	static
C:/Users/theta/Dynomite/TouchGFX/gui/src/screen1_screen/Screen1View.cpp:380:10:uint32_t Screen1View::lcd_rand()	0	static
C:/Users/theta/Dynomite/TouchGFX/gui/src/screen1_screen/Screen1View.cpp:384:10:uint16_t Screen1View::generateRandomEggBitmapID()	8	static
C:/Users/theta/Dynomite/TouchGFX/gui/src/screen1_screen/Screen1View.cpp:376:6:void Screen1View::updateNextShootingEggAfterCollision()	16	static
C:/Users/theta/Dynomite/TouchGFX/gui/src/screen1_screen/Screen1View.cpp:390:1:IndexQueue::IndexQueue()	0	static
C:/Users/theta/Dynomite/TouchGFX/gui/src/screen1_screen/Screen1View.cpp:395:7:Index IndexQueue::front()	0	static
C:/Users/theta/Dynomite/TouchGFX/gui/src/screen1_screen/Screen1View.cpp:399:6:bool IndexQueue::pop()	0	static
C:/Users/theta/Dynomite/TouchGFX/gui/src/screen1_screen/Screen1View.cpp:415:6:bool IndexQueue::empty()	0	static
C:/Users/theta/Dynomite/TouchGFX/gui/src/screen1_screen/Screen1View.cpp:418:6:bool IndexQueue::full()	0	static
C:/Users/theta/Dynomite/TouchGFX/gui/src/screen1_screen/Screen1View.cpp:407:6:bool IndexQueue::push(Index)	24	static
C:/Users/theta/Dynomite/TouchGFX/gui/src/screen1_screen/Screen1View.cpp:292:6:void Screen1View::updateEggBatchAfterCollision(Index)	1664	static
C:/Users/theta/Dynomite/TouchGFX/gui/src/screen1_screen/Screen1View.cpp:50:6:virtual void Screen1View::handleTickEvent()	32	static
C:/Users/theta/Dynomite/TouchGFX/gui/src/screen1_screen/Screen1View.cpp:30:6:virtual void Screen1View::setupScreen()	0	static
C:/Users/theta/Dynomite/TouchGFX/gui/src/screen1_screen/Screen1View.cpp:87:6:void Screen1View::initializeEggBatch()	64	static
C:/Users/theta/Dynomite/TouchGFX/gui/src/screen1_screen/Screen1View.cpp:141:6:void Screen1View::initializeShootingEgg()	32	static
C:/Users/theta/Dynomite/TouchGFX/gui/src/screen1_screen/Screen1View.cpp:184:6:void Screen1View::initializeNextShootingEgg()	24	static
C:/Users/theta/Dynomite/TouchGFX/gui/src/screen1_screen/Screen1View.cpp:40:6:virtual void Screen1View::onPlayButtonClicked()	16	static
