../../Middlewares/ST/touchgfx/framework/include/touchgfx/Drawable.hpp:147:23:virtual touchgfx::Drawable* touchgfx::Drawable::getFirstChild()	0	static
../../Middlewares/ST/touchgfx/framework/include/touchgfx/Drawable.hpp:315:18:virtual void touchgfx::Drawable::setX(int16_t)	0	static
../../Middlewares/ST/touchgfx/framework/include/touchgfx/Drawable.hpp:327:18:virtual void touchgfx::Drawable::setY(int16_t)	0	static
../../Middlewares/ST/touchgfx/framework/include/touchgfx/Drawable.hpp:356:18:virtual void touchgfx::Drawable::setWidth(int16_t)	0	static
../../Middlewares/ST/touchgfx/framework/include/touchgfx/Drawable.hpp:368:18:virtual void touchgfx::Drawable::setHeight(int16_t)	0	static
../../Middlewares/ST/touchgfx/framework/include/touchgfx/Drawable.hpp:378:18:virtual void touchgfx::Drawable::childGeometryChanged()	0	static
../../Middlewares/ST/touchgfx/framework/include/touchgfx/Drawable.hpp:389:18:virtual void touchgfx::Drawable::handleClickEvent(const touchgfx::ClickEvent&)	0	static
../../Middlewares/ST/touchgfx/framework/include/touchgfx/Drawable.hpp:401:18:virtual void touchgfx::Drawable::handleGestureEvent(const touchgfx::GestureEvent&)	0	static
../../Middlewares/ST/touchgfx/framework/include/touchgfx/Drawable.hpp:490:18:virtual void touchgfx::Drawable::handleDragEvent(const touchgfx::DragEvent&)	0	static
../../Middlewares/ST/touchgfx/framework/include/touchgfx/Drawable.hpp:501:18:virtual void touchgfx::Drawable::handleTickEvent()	0	static
../../Middlewares/ST/touchgfx/framework/include/touchgfx/Drawable.hpp:588:18:virtual void touchgfx::Drawable::moveTo(int16_t, int16_t)	4	static
../../Middlewares/ST/touchgfx/framework/include/touchgfx/Drawable.hpp:703:18:virtual void touchgfx::Drawable::setupDrawChain(const touchgfx::Rect&, touchgfx::Drawable**)	0	static
../../Middlewares/ST/touchgfx/framework/include/touchgfx/Screen.hpp:104:18:virtual void touchgfx::Screen::afterTransition()	0	static
../../Middlewares/ST/touchgfx/framework/include/touchgfx/Screen.hpp:154:18:virtual void touchgfx::Screen::handleKeyEvent(uint8_t)	0	static
../../TouchGFX/generated/gui_generated/include/gui_generated/screen1_screen/Screen1ViewBase.hpp:25:18:virtual void Screen1ViewBase::onPlayButtonClicked()	0	static
/home/bxs/Dynomite/TouchGFX/gui/src/screen1_screen/Screen1View.cpp:28:6:virtual void Screen1View::tearDownScreen()	0	static
../../TouchGFX/gui/include/gui/screen1_screen/Screen1View.hpp:18:13:Screen1View::~Screen1View()	16	static
../../TouchGFX/gui/include/gui/screen1_screen/Screen1View.hpp:18:13:virtual Screen1View::~Screen1View()	8	static
../../Middlewares/ST/touchgfx/framework/include/touchgfx/Drawable.hpp:121:18:virtual void touchgfx::Drawable::invalidateContent() const	0	static
../../Middlewares/ST/touchgfx/framework/include/touchgfx/widgets/Widget.hpp:45:18:virtual void touchgfx::Widget::getLastChild(int16_t, int16_t, touchgfx::Drawable**)	0	static
../../Middlewares/ST/touchgfx/framework/include/touchgfx/Drawable.hpp:343:10:void touchgfx::Drawable::setXY(int16_t, int16_t)	16	static
../../Middlewares/ST/touchgfx/framework/include/touchgfx/widgets/Image.hpp:50:5:touchgfx::Image::Image(const touchgfx::Bitmap&)	8	static
/home/bxs/Dynomite/TouchGFX/gui/src/screen1_screen/Screen1View.cpp:5:1:Screen1View::Screen1View()	32	static
/home/bxs/Dynomite/TouchGFX/gui/src/screen1_screen/Screen1View.cpp:81:6:void Screen1View::renderEggBatch()	32	static
/home/bxs/Dynomite/TouchGFX/gui/src/screen1_screen/Screen1View.cpp:148:6:void Screen1View::renderShootingEgg()	0	static
/home/bxs/Dynomite/TouchGFX/gui/src/screen1_screen/Screen1View.cpp:157:6:void Screen1View::updateNextShootingEgg()	0	static
/home/bxs/Dynomite/TouchGFX/gui/src/screen1_screen/Screen1View.cpp:161:6:void Screen1View::renderNextShootingEgg()	0	static
/home/bxs/Dynomite/TouchGFX/gui/src/screen1_screen/Screen1View.cpp:165:10:uint32_t Screen1View::lcd_rand()	0	static
/home/bxs/Dynomite/TouchGFX/gui/src/screen1_screen/Screen1View.cpp:169:18:touchgfx::Bitmap Screen1View::generateRandomEggBitmap()	8	static
/home/bxs/Dynomite/TouchGFX/gui/src/screen1_screen/Screen1View.cpp:93:6:void Screen1View::updateEggBatch()	56	static
/home/bxs/Dynomite/TouchGFX/gui/src/screen1_screen/Screen1View.cpp:33:6:virtual void Screen1View::handleTickEvent()	16	static
/home/bxs/Dynomite/TouchGFX/gui/src/screen1_screen/Screen1View.cpp:54:6:void Screen1View::initializeEggBatch()	64	static
/home/bxs/Dynomite/TouchGFX/gui/src/screen1_screen/Screen1View.cpp:139:6:void Screen1View::initializeShootingEgg()	24	static
/home/bxs/Dynomite/TouchGFX/gui/src/screen1_screen/Screen1View.cpp:152:6:void Screen1View::initializeNextShootingEgg()	24	static
/home/bxs/Dynomite/TouchGFX/gui/src/screen1_screen/Screen1View.cpp:14:6:virtual void Screen1View::setupScreen()	8	static
