../../Middlewares/ST/touchgfx/framework/include/touchgfx/Drawable.hpp:147:23:virtual touchgfx::Drawable* touchgfx::Drawable::getFirstChild()	0	static
../../Middlewares/ST/touchgfx/framework/include/touchgfx/Drawable.hpp:315:18:virtual void touchgfx::Drawable::setX(int16_t)	0	static
../../Middlewares/ST/touchgfx/framework/include/touchgfx/Drawable.hpp:327:18:virtual void touchgfx::Drawable::setY(int16_t)	0	static
../../Middlewares/ST/touchgfx/framework/include/touchgfx/Drawable.hpp:356:18:virtual void touchgfx::Drawable::setWidth(int16_t)	0	static
../../Middlewares/ST/touchgfx/framework/include/touchgfx/Drawable.hpp:368:18:virtual void touchgfx::Drawable::setHeight(int16_t)	0	static
../../Middlewares/ST/touchgfx/framework/include/touchgfx/Drawable.hpp:378:18:virtual void touchgfx::Drawable::childGeometryChanged()	0	static
../../Middlewares/ST/touchgfx/framework/include/touchgfx/Drawable.hpp:389:18:virtual void touchgfx::Drawable::handleClickEvent(const touchgfx::ClickEvent&)	0	static
../../Middlewares/ST/touchgfx/framework/include/touchgfx/Drawable.hpp:401:18:virtual void touchgfx::Drawable::handleGestureEvent(const touchgfx::GestureEvent&)	0	static
../../Middlewares/ST/touchgfx/framework/include/touchgfx/Drawable.hpp:490:18:virtual void touchgfx::Drawable::handleDragEvent(const touchgfx::DragEvent&)	0	static
../../Middlewares/ST/touchgfx/framework/include/touchgfx/Drawable.hpp:501:18:virtual void touchgfx::Drawable::handleTickEvent()	0	static
../../Middlewares/ST/touchgfx/framework/include/touchgfx/Drawable.hpp:588:18:virtual void touchgfx::Drawable::moveTo(int16_t, int16_t)	4	static
../../Middlewares/ST/touchgfx/framework/include/touchgfx/Drawable.hpp:703:18:virtual void touchgfx::Drawable::setupDrawChain(const touchgfx::Rect&, touchgfx::Drawable**)	0	static
../../Middlewares/ST/touchgfx/framework/include/touchgfx/Screen.hpp:104:18:virtual void touchgfx::Screen::afterTransition()	0	static
../../Middlewares/ST/touchgfx/framework/include/touchgfx/Screen.hpp:154:18:virtual void touchgfx::Screen::handleKeyEvent(uint8_t)	0	static
/home/bxs/Downloads/Dynomite/TouchGFX/gui/src/screen1_screen/Screen1View.cpp:49:6:virtual void Screen1View::tearDownScreen()	0	static
../../TouchGFX/gui/include/gui/screen1_screen/Screen1View.hpp:53:13:Screen1View::~Screen1View()	16	static
../../TouchGFX/gui/include/gui/screen1_screen/Screen1View.hpp:53:13:virtual Screen1View::~Screen1View()	8	static
../../Middlewares/ST/touchgfx/framework/include/touchgfx/Drawable.hpp:121:18:virtual void touchgfx::Drawable::invalidateContent() const	0	static
../../Middlewares/ST/touchgfx/framework/include/touchgfx/widgets/Widget.hpp:45:18:virtual void touchgfx::Widget::getLastChild(int16_t, int16_t, touchgfx::Drawable**)	0	static
../../Middlewares/ST/touchgfx/framework/include/touchgfx/Drawable.hpp:343:10:void touchgfx::Drawable::setXY(int16_t, int16_t)	16	static
../../Middlewares/ST/touchgfx/framework/include/touchgfx/widgets/Image.hpp:50:5:touchgfx::Image::Image(const touchgfx::Bitmap&)	8	static
/home/bxs/Downloads/Dynomite/TouchGFX/gui/src/screen1_screen/Screen1View.cpp:15:1:Screen1View::Screen1View()	40	static
/home/bxs/Downloads/Dynomite/TouchGFX/gui/src/screen1_screen/Screen1View.cpp:155:6:void Screen1View::renderEggBatch()	56	static
/home/bxs/Downloads/Dynomite/TouchGFX/gui/src/screen1_screen/Screen1View.cpp:167:6:void Screen1View::updateEggBatch()	0	static
/home/bxs/Downloads/Dynomite/TouchGFX/gui/src/screen1_screen/Screen1View.cpp:186:6:void Screen1View::updateShootingEgg()	32	static
/home/bxs/Downloads/Dynomite/TouchGFX/gui/src/screen1_screen/Screen1View.cpp:249:6:void Screen1View::renderShootingEgg()	32	static
/home/bxs/Downloads/Dynomite/TouchGFX/gui/src/screen1_screen/Screen1View.cpp:264:6:void Screen1View::renderNextShootingEgg()	16	static
/home/bxs/Downloads/Dynomite/TouchGFX/gui/src/screen1_screen/Screen1View.cpp:275:6:void Screen1View::updateShootingLine()	0	static
/home/bxs/Downloads/Dynomite/TouchGFX/gui/src/screen1_screen/Screen1View.cpp:293:6:void Screen1View::updateCurrentScore(uint16_t)	0	static
/home/bxs/Downloads/Dynomite/TouchGFX/gui/src/screen1_screen/Screen1View.cpp:297:6:void Screen1View::updateHighScore()	0	static
/home/bxs/Downloads/Dynomite/TouchGFX/gui/src/screen1_screen/Screen1View.cpp:301:6:void Screen1View::renderRealtimeScoreTextArea()	8	static
/home/bxs/Downloads/Dynomite/TouchGFX/gui/src/screen1_screen/Screen1View.cpp:306:6:void Screen1View::renderScoreContainer()	16	static
/home/bxs/Downloads/Dynomite/TouchGFX/gui/src/screen1_screen/Screen1View.cpp:314:6:void Screen1View::updateEggBitmapIDRange()	8	static
/home/bxs/Downloads/Dynomite/TouchGFX/gui/src/screen1_screen/Screen1View.cpp:325:6:void Screen1View::updateDEggBatchY()	8	static
/home/bxs/Downloads/Dynomite/TouchGFX/gui/src/screen1_screen/Screen1View.cpp:329:6:void Screen1View::updateEggBatchAfterLevelUp()	0	static
/home/bxs/Downloads/Dynomite/TouchGFX/gui/src/screen1_screen/Screen1View.cpp:333:7:Index Screen1View::detectCollisionBetweenShootingEggAndEggBatch()	136	static
/home/bxs/Downloads/Dynomite/TouchGFX/gui/src/screen1_screen/Screen1View.cpp:440:7:float Screen1View::sign(Vec2, Vec2, Vec2)	24	static
/home/bxs/Downloads/Dynomite/TouchGFX/gui/src/screen1_screen/Screen1View.cpp:444:6:bool Screen1View::checkCollisionArea(Vec2, Vec2, Vec2, Vec2)	32	static
/home/bxs/Downloads/Dynomite/TouchGFX/gui/src/screen1_screen/Screen1View.cpp:565:6:void Screen1View::updateShootingEggAfterCollision()	0	static
/home/bxs/Downloads/Dynomite/TouchGFX/gui/src/screen1_screen/Screen1View.cpp:576:10:uint32_t Screen1View::lcd_rand()	0	static
/home/bxs/Downloads/Dynomite/TouchGFX/gui/src/screen1_screen/Screen1View.cpp:580:10:uint16_t Screen1View::generateRandomEggBitmapID()	8	static
/home/bxs/Downloads/Dynomite/TouchGFX/gui/src/screen1_screen/Screen1View.cpp:175:6:void Screen1View::initializeShootingEgg()	24	static
/home/bxs/Downloads/Dynomite/TouchGFX/gui/src/screen1_screen/Screen1View.cpp:255:6:void Screen1View::initializeNextShootingEgg()	16	static
/home/bxs/Downloads/Dynomite/TouchGFX/gui/src/screen1_screen/Screen1View.cpp:572:6:void Screen1View::updateNextShootingEggAfterCollision()	16	static
/home/bxs/Downloads/Dynomite/TouchGFX/gui/src/screen1_screen/Screen1View.cpp:122:6:void Screen1View::initializeEggBatch()	72	static
/home/bxs/Downloads/Dynomite/TouchGFX/gui/src/screen1_screen/Screen1View.cpp:54:6:virtual void Screen1View::onPlayButtonClicked()	16	static
/home/bxs/Downloads/Dynomite/TouchGFX/gui/src/screen1_screen/Screen1View.cpp:585:7:Index IndexQueue::front()	0	static
/home/bxs/Downloads/Dynomite/TouchGFX/gui/src/screen1_screen/Screen1View.cpp:589:6:bool IndexQueue::pop()	0	static
/home/bxs/Downloads/Dynomite/TouchGFX/gui/src/screen1_screen/Screen1View.cpp:605:6:bool IndexQueue::empty()	0	static
/home/bxs/Downloads/Dynomite/TouchGFX/gui/src/screen1_screen/Screen1View.cpp:608:6:bool IndexQueue::full()	0	static
/home/bxs/Downloads/Dynomite/TouchGFX/gui/src/screen1_screen/Screen1View.cpp:597:6:bool IndexQueue::push(Index)	24	static
/home/bxs/Downloads/Dynomite/TouchGFX/gui/src/screen1_screen/Screen1View.cpp:452:10:uint16_t Screen1View::updateEggBatchAfterCollision(Index)	1688	static
/home/bxs/Downloads/Dynomite/TouchGFX/gui/src/screen1_screen/Screen1View.cpp:269:6:void Screen1View::initializeShootingLine()	16	static
/home/bxs/Downloads/Dynomite/TouchGFX/gui/src/screen1_screen/Screen1View.cpp:282:6:void Screen1View::renderShootingLine()	0	static
/home/bxs/Downloads/Dynomite/TouchGFX/gui/src/screen1_screen/Screen1View.cpp:77:6:virtual void Screen1View::handleTickEvent()	24	static
/home/bxs/Downloads/Dynomite/TouchGFX/gui/src/screen1_screen/Screen1View.cpp:22:6:virtual void Screen1View::setupScreen()	40	static
